This is pdfTeX, Version 3.141592653-2.6-1.40.26 (MiKTeX 24.4) (preloaded format=pdflatex 2025.1.22)  13 JUN 2026 07:06
entering extended mode
 restricted \write18 enabled.
 %&-line parsing enabled.
**./Lab0_Report_Storti.tex
(Lab0_Report_Storti.tex
LaTeX2e <2024-11-01> patch level 1
L3 programming layer <2024-12-25>
(C:\Users\nicks\AppData\Local\Programs\MiKTeX\tex/latex/base\article.cls
Document Class: article 2024/06/29 v1.4n Standard LaTeX document class
(C:\Users\nicks\AppData\Local\Programs\MiKTeX\tex/latex/base\size10.clo
File: size10.clo 2024/06/29 v1.4n Standard LaTeX file (size option)
)
\c@part=\count196
\c@section=\count197
\c@subsection=\count198
\c@subsubsection=\count199
\c@paragraph=\count266
\c@subparagraph=\count267
\c@figure=\count268
\c@table=\count269
\abovecaptionskip=\skip49
\belowcaptionskip=\skip50
\bibindent=\dimen141
)
(C:\Users\nicks\AppData\Local\Programs\MiKTeX\tex/latex/l3backend\l3backend-pdf
tex.def
File: l3backend-pdftex.def 2024-05-08 L3 backend support: PDF output (pdfTeX)
\l__color_backend_stack_int=\count270
\l__pdf_internal_box=\box52
) (Lab0_Report_Storti.aux)
\openout1 = `Lab0_Report_Storti.aux'.

LaTeX Font Info:    Checking defaults for OML/cmm/m/it on input line 6.
LaTeX Font Info:    ... okay on input line 6.
LaTeX Font Info:    Checking defaults for OMS/cmsy/m/n on input line 6.
LaTeX Font Info:    ... okay on input line 6.
LaTeX Font Info:    Checking defaults for OT1/cmr/m/n on input line 6.
LaTeX Font Info:    ... okay on input line 6.
LaTeX Font Info:    Checking defaults for T1/cmr/m/n on input line 6.
LaTeX Font Info:    ... okay on input line 6.
LaTeX Font Info:    Checking defaults for TS1/cmr/m/n on input line 6.
LaTeX Font Info:    ... okay on input line 6.
LaTeX Font Info:    Checking defaults for OMX/cmex/m/n on input line 6.
LaTeX Font Info:    ... okay on input line 6.
LaTeX Font Info:    Checking defaults for U/cmr/m/n on input line 6.
LaTeX Font Info:    ... okay on input line 6.
LaTeX Font Info:    External font `cmex10' loaded for size
(Font)              <12> on input line 7.
LaTeX Font Info:    External font `cmex10' loaded for size
(Font)              <8> on input line 7.
LaTeX Font Info:    External font `cmex10' loaded for size
(Font)              <6> on input line 7.

Underfull \hbox (badness 10000) in paragraph at lines 10--11

 []


Overfull \hbox (38.24666pt too wide) in paragraph at lines 12--29
[]\OT1/cmtt/m/n/10 Maximum sizes of each dimension of a grid:     2147483647 x 
65535 x 65535 
 []


Underfull \hbox (badness 10000) in paragraph at lines 12--29

 []


Underfull \hbox (badness 10000) in paragraph at lines 34--35

 []


Overfull \hbox (38.24666pt too wide) in paragraph at lines 36--53
[]\OT1/cmtt/m/n/10 Maximum sizes of each dimension of a grid:     2147483647 x 
65535 x 65535 
 []


Underfull \hbox (badness 10000) in paragraph at lines 36--53

 []



[1

{C:/Users/nicks/AppData/Local/MiKTeX/fonts/map/pdftex/pdftex.map}]
Underfull \hbox (badness 10000) in paragraph at lines 54--55

 []



[2] (Lab0_Report_Storti.aux)
 ***********
LaTeX2e <2024-11-01> patch level 1
L3 programming layer <2024-12-25>
 ***********
 ) 
Here is how much of TeX's memory you used:
 465 strings out of 473536
 9152 string characters out of 5714956
 409338 words of memory out of 5000000
 23756 multiletter control sequences out of 15000+600000
 562645 words of font info for 49 fonts, out of 8000000 for 9000
 1141 hyphenation exceptions out of 8191
 35i,6n,50p,156b,197s stack positions out of 10000i,1000n,20000p,200000b,200000s
<C:/Users/nicks/AppData/Local/Programs/MiKTeX/fonts/type1/public/amsfonts/cm/
cmbx12.pfb><C:/Users/nicks/AppData/Local/Programs/MiKTeX/fonts/type1/public/ams
fonts/cm/cmr10.pfb><C:/Users/nicks/AppData/Local/Programs/MiKTeX/fonts/type1/pu
blic/amsfonts/cm/cmr12.pfb><C:/Users/nicks/AppData/Local/Programs/MiKTeX/fonts/
type1/public/amsfonts/cm/cmr17.pfb><C:/Users/nicks/AppData/Local/Programs/MiKTe
X/fonts/type1/public/amsfonts/cm/cmtt10.pfb>
Output written on Lab0_Report_Storti.pdf (2 pages, 63186 bytes).
PDF statistics:
 34 PDF objects out of 1000 (max. 8388607)
 0 named destinations out of 1000 (max. 500000)
 1 words of extra memory for PDF output out of 10000 (max. 10000000)

